<server-root>/clouda-ocr-benchmark/scripts/supervisor.py:7: SyntaxWarning: invalid escape sequence '\-'
  \-> BLOCKED (never runnable: e.g. unresolved prompt)
[2026-09-20T00:31:53+00:00] supervisor start run_uid=orch-20260920T003153Z git=523327568cce queue=8 precompleted=2
[2026-09-20T00:31:53+00:00] supervisor start run_uid=orch-20260920T003153Z git=523327568cce queue=8 precompleted=2
[2026-09-20T00:31:53+00:00] amad-iq/amad-vlm6: preflight ok -> SMOKE
[2026-09-20T00:31:53+00:00] amad-iq/amad-vlm6: preflight ok -> SMOKE
[2026-09-20T00:31:53+00:00] amad-iq/amad-vlm6: smoke attempt 1/3
[2026-09-20T00:31:53+00:00] amad-iq/amad-vlm6: smoke attempt 1/3
[2026-09-20T00:32:23+00:00] amad-iq/amad-vlm6: smoke PASS -> FULL
[2026-09-20T00:32:23+00:00] amad-iq/amad-vlm6: smoke PASS -> FULL
[2026-09-20T00:32:23+00:00] amad-iq/amad-vlm6: full attempt 1/3
[2026-09-20T00:32:23+00:00] amad-iq/amad-vlm6: full attempt 1/3
[2026-09-20T02:14:54+00:00] amad-iq/amad-vlm6: COMPLETE — pages=462/462 statuses={'PASS': 462} duplicates=0 empty_pass=0
[2026-09-20T02:14:54+00:00] amad-iq/amad-vlm6: COMPLETE — pages=462/462 statuses={'PASS': 462} duplicates=0 empty_pass=0
[2026-09-20T02:14:54+00:00] amad-iq/amad-vlm5: preflight ok -> SMOKE
[2026-09-20T02:14:54+00:00] amad-iq/amad-vlm5: preflight ok -> SMOKE
[2026-09-20T02:14:54+00:00] amad-iq/amad-vlm5: smoke attempt 1/3
[2026-09-20T02:14:54+00:00] amad-iq/amad-vlm5: smoke attempt 1/3
[2026-09-20T02:17:24+00:00] amad-iq/amad-vlm5: smoke PASS -> FULL
[2026-09-20T02:17:24+00:00] amad-iq/amad-vlm5: smoke PASS -> FULL
[2026-09-20T02:17:24+00:00] amad-iq/amad-vlm5: full attempt 1/3
[2026-09-20T02:17:24+00:00] amad-iq/amad-vlm5: full attempt 1/3
[2026-09-20T04:51:54+00:00] amad-iq/amad-vlm5: COMPLETE — pages=462/462 statuses={'PASS': 462} duplicates=0 empty_pass=0
[2026-09-20T04:51:54+00:00] amad-iq/amad-vlm5: COMPLETE — pages=462/462 statuses={'PASS': 462} duplicates=0 empty_pass=0
[2026-09-20T04:51:54+00:00] YasserSami/Qari-OCR-0.4.0-VL-4B-Instruct: preflight ok -> SMOKE
[2026-09-20T04:51:54+00:00] YasserSami/Qari-OCR-0.4.0-VL-4B-Instruct: preflight ok -> SMOKE
[2026-09-20T04:51:54+00:00] YasserSami/Qari-OCR-0.4.0-VL-4B-Instruct: smoke attempt 1/3
[2026-09-20T04:51:54+00:00] YasserSami/Qari-OCR-0.4.0-VL-4B-Instruct: smoke attempt 1/3
[2026-09-20T05:11:54+00:00] YasserSami/Qari-OCR-0.4.0-VL-4B-Instruct: smoke PASS -> FULL
[2026-09-20T05:11:54+00:00] YasserSami/Qari-OCR-0.4.0-VL-4B-Instruct: smoke PASS -> FULL
[2026-09-20T05:11:54+00:00] YasserSami/Qari-OCR-0.4.0-VL-4B-Instruct: full attempt 1/3
[2026-09-20T05:11:54+00:00] YasserSami/Qari-OCR-0.4.0-VL-4B-Instruct: full attempt 1/3
[2026-09-20T12:03:15+00:00] supervisor start run_uid=orch-20260920T003153Z git=523327568cce queue=8 precompleted=2
[2026-09-20T12:03:15+00:00] supervisor start run_uid=orch-20260920T003153Z git=523327568cce queue=8 precompleted=2
[2026-09-20T12:03:15+00:00] YasserSami/Qari-OCR-0.4.0-VL-4B-Instruct: full attempt 2/3
[2026-09-20T12:03:15+00:00] YasserSami/Qari-OCR-0.4.0-VL-4B-Instruct: full attempt 2/3
[2026-09-20T18:26:16+00:00] YasserSami/Qari-OCR-0.4.0-VL-4B-Instruct: COMPLETE — pages=462/462 statuses={'PASS': 462} duplicates=0 empty_pass=0
[2026-09-20T18:26:16+00:00] YasserSami/Qari-OCR-0.4.0-VL-4B-Instruct: COMPLETE — pages=462/462 statuses={'PASS': 462} duplicates=0 empty_pass=0
[2026-09-20T18:26:16+00:00] context212/alhazen-ocr: preflight ok -> SMOKE
[2026-09-20T18:26:16+00:00] context212/alhazen-ocr: preflight ok -> SMOKE
[2026-09-20T18:26:16+00:00] context212/alhazen-ocr: smoke attempt 1/3
[2026-09-20T18:26:16+00:00] context212/alhazen-ocr: smoke attempt 1/3
[2026-09-20T18:34:16+00:00] context212/alhazen-ocr: smoke PASS -> FULL
[2026-09-20T18:34:16+00:00] context212/alhazen-ocr: smoke PASS -> FULL
[2026-09-20T18:34:16+00:00] context212/alhazen-ocr: full attempt 1/3
[2026-09-20T18:34:16+00:00] context212/alhazen-ocr: full attempt 1/3
[2026-09-23T21:51:32+00:00] supervisor start run_uid=orch-20260920T003153Z git=523327568cce queue=8 precompleted=2
[2026-09-23T21:51:32+00:00] supervisor start run_uid=orch-20260920T003153Z git=523327568cce queue=8 precompleted=2
[2026-09-23T21:51:32+00:00] stop requested; exiting cleanly (state preserved)
[2026-09-23T21:51:32+00:00] stop requested; exiting cleanly (state preserved)
[2026-09-23T21:52:06+00:00] supervisor start run_uid=orch-20260920T003153Z git=523327568cce queue=8 precompleted=2
[2026-09-23T21:52:06+00:00] supervisor start run_uid=orch-20260920T003153Z git=523327568cce queue=8 precompleted=2
[2026-09-23T21:52:06+00:00] context212/alhazen-ocr: full attempt 2/3
[2026-09-23T21:52:06+00:00] context212/alhazen-ocr: full attempt 2/3
